---
source: crates/trust-syntax/tests/parser_pous.rs
expression: "snapshot_parse(r#\"CLASS FINAL Motor EXTENDS Base IMPLEMENTS IDevice, IResettable\nVAR\n    Speed : INT;\nEND_VAR\nMETHOD PUBLIC Start\n    Speed := 0;\nEND_METHOD\nEND_CLASS\"#)"
---
SourceFile@0..148
  Class@0..148
    KwClass@0..5 "CLASS"
    KwFinal@6..11 "FINAL"
    Name@11..18
      Ident@12..17 "Motor"
    ExtendsClause@18..31
      KwExtends@18..25 "EXTENDS"
      Name@25..31
        Ident@26..30 "Base"
    ImplementsClause@31..63
      KwImplements@31..41 "IMPLEMENTS"
      Name@41..49
        Ident@42..49 "IDevice"
      Comma@49..50 ","
      Name@50..63
        Ident@51..62 "IResettable"
    VarBlock@63..92
      KwVar@63..66 "VAR"
      VarDecl@66..84
        Name@66..77
          Ident@71..76 "Speed"
        Colon@77..78 ":"
        TypeRef@78..82
          KwInt@79..82 "INT"
        Semicolon@82..83 ";"
      KwEndVar@84..91 "END_VAR"
    Method@92..139
      KwMethod@92..98 "METHOD"
      KwPublic@99..105 "PUBLIC"
      Name@105..116
        Ident@106..111 "Start"
      StmtList@116..128
        AssignStmt@116..128
          NameRef@116..122
            Ident@116..121 "Speed"
          Assign@122..124 ":="
          Literal@124..126
            IntLiteral@125..126 "0"
          Semicolon@126..127 ";"
      KwEndMethod@128..138 "END_METHOD"
    KwEndClass@139..148 "END_CLASS"
