---
source: crates/trust-syntax/tests/parser_literals.rs
expression: "snapshot_parse(r#\"PROGRAM Test\n    s1 := 'hello';\n    s2 := \"world\";\nEND_PROGRAM\"#)"
---
SourceFile@0..62
  Program@0..62
    KwProgram@0..7 "PROGRAM"
    Name@7..17
      Ident@8..12 "Test"
    StmtList@17..51
      AssignStmt@17..36
        NameRef@17..20
          Ident@17..19 "s1"
        Assign@20..22 ":="
        Literal@22..30
          StringLiteral@23..30 "'hello'"
        Semicolon@30..31 ";"
      AssignStmt@36..51
        NameRef@36..39
          Ident@36..38 "s2"
        Assign@39..41 ":="
        Literal@41..49
          WideStringLiteral@42..49 "\"world\""
        Semicolon@49..50 ";"
    KwEndProgram@51..62 "END_PROGRAM"
