---
source: crates/trust-syntax/tests/parser_statements.rs
expression: "snapshot_parse(r#\"PROGRAM Test\nCASE state OF\n    1..2: y := 10;\n    3, 4..5: y := 20;\nELSE\n    y := 0;\nEND_CASE;\nEND_PROGRAM\"#)"
---
SourceFile@0..106
  Program@0..106
    KwProgram@0..7 "PROGRAM"
    Name@7..13
      Ident@8..12 "Test"
    StmtList@13..95
      CaseStmt@13..93
        KwCase@13..17 "CASE"
        NameRef@17..24
          Ident@18..23 "state"
        KwOf@24..26 "OF"
        CaseBranch@26..50
          CaseLabel@26..35
            Subrange@26..35
              Literal@26..32
                IntLiteral@31..32 "1"
              DotDot@32..34 ".."
              Literal@34..35
                IntLiteral@34..35 "2"
          Colon@35..36 ":"
          AssignStmt@36..50
            NameRef@36..39
              Ident@37..38 "y"
            Assign@39..41 ":="
            Literal@41..44
              IntLiteral@42..44 "10"
            Semicolon@44..45 ";"
        CaseBranch@50..68
          CaseLabel@50..51
            Subrange@50..51
              Literal@50..51
                IntLiteral@50..51 "3"
          Comma@51..52 ","
          CaseLabel@52..57
            Subrange@52..57
              Literal@52..54
                IntLiteral@53..54 "4"
              DotDot@54..56 ".."
              Literal@56..57
                IntLiteral@56..57 "5"
          Colon@57..58 ":"
          AssignStmt@58..68
            NameRef@58..61
              Ident@59..60 "y"
            Assign@61..63 ":="
            Literal@63..66
              IntLiteral@64..66 "20"
            Semicolon@66..67 ";"
        ElseBranch@68..85
          KwElse@68..72 "ELSE"
          AssignStmt@72..85
            NameRef@72..79
              Ident@77..78 "y"
            Assign@79..81 ":="
            Literal@81..83
              IntLiteral@82..83 "0"
            Semicolon@83..84 ";"
        KwEndCase@85..93 "END_CASE"
      EmptyStmt@93..95
        Semicolon@93..94 ";"
    KwEndProgram@95..106 "END_PROGRAM"
