---
source: crates/trust-syntax/tests/parser_expressions.rs
expression: "snapshot_parse(r#\"PROGRAM Test\n    x := -a;\n    y := +b;\n    z := NOT c;\nEND_PROGRAM\"#)"
---
SourceFile@0..66
  Program@0..66
    KwProgram@0..7 "PROGRAM"
    Name@7..17
      Ident@8..12 "Test"
    StmtList@17..55
      AssignStmt@17..30
        NameRef@17..19
          Ident@17..18 "x"
        Assign@19..21 ":="
        UnaryExpr@21..24
          Minus@22..23 "-"
          NameRef@23..24
            Ident@23..24 "a"
        Semicolon@24..25 ";"
      AssignStmt@30..43
        NameRef@30..32
          Ident@30..31 "y"
        Assign@32..34 ":="
        UnaryExpr@34..37
          Plus@35..36 "+"
          NameRef@36..37
            Ident@36..37 "b"
        Semicolon@37..38 ";"
      AssignStmt@43..55
        NameRef@43..45
          Ident@43..44 "z"
        Assign@45..47 ":="
        UnaryExpr@47..53
          KwNot@48..51 "NOT"
          NameRef@51..53
            Ident@52..53 "c"
        Semicolon@53..54 ";"
    KwEndProgram@55..66 "END_PROGRAM"
