---
source: crates/trust-syntax/tests/parser_expressions.rs
expression: "snapshot_parse(r#\"PROGRAM Test\n    x := arr[0];\n    y := matrix[i, j];\nEND_PROGRAM\"#)"
---
SourceFile@0..64
  Program@0..64
    KwProgram@0..7 "PROGRAM"
    Name@7..17
      Ident@8..12 "Test"
    StmtList@17..53
      AssignStmt@17..34
        NameRef@17..19
          Ident@17..18 "x"
        Assign@19..21 ":="
        IndexExpr@21..28
          NameRef@21..25
            Ident@22..25 "arr"
          LBracket@25..26 "["
          Literal@26..27
            IntLiteral@26..27 "0"
          RBracket@27..28 "]"
        Semicolon@28..29 ";"
      AssignStmt@34..53
        NameRef@34..36
          Ident@34..35 "y"
        Assign@36..38 ":="
        IndexExpr@38..51
          NameRef@38..45
            Ident@39..45 "matrix"
          LBracket@45..46 "["
          NameRef@46..47
            Ident@46..47 "i"
          Comma@47..48 ","
          NameRef@48..50
            Ident@49..50 "j"
          RBracket@50..51 "]"
        Semicolon@51..52 ";"
    KwEndProgram@53..64 "END_PROGRAM"
