---
source: crates/trust-syntax/tests/parser_statements.rs
expression: "snapshot_parse(r#\"PROGRAM Test\n    interface1 ?= interface2;\nEND_PROGRAM\"#)"
---
SourceFile@0..54
  Program@0..54
    KwProgram@0..7 "PROGRAM"
    Name@7..17
      Ident@8..12 "Test"
    StmtList@17..43
      AssignStmt@17..43
        NameRef@17..28
          Ident@17..27 "interface1"
        RefAssign@28..30 "?="
        NameRef@30..41
          Ident@31..41 "interface2"
        Semicolon@41..42 ";"
    KwEndProgram@43..54 "END_PROGRAM"
