---
source: crates/trust-syntax/tests/parser_types.rs
expression: "snapshot_parse(r#\"TYPE\n    MyInt : INT;\n    MyReal : REAL;\n    MyRange : INT(0..100);\nEND_TYPE\"#)"
---
SourceFile@0..76
  TypeDecl@0..76
    KwType@0..4 "TYPE"
    Name@4..15
      Ident@9..14 "MyInt"
    Colon@15..16 ":"
    TypeRef@16..20
      KwInt@17..20 "INT"
    Semicolon@20..21 ";"
    Name@21..33
      Ident@26..32 "MyReal"
    Colon@33..34 ":"
    TypeRef@34..39
      KwReal@35..39 "REAL"
    Semicolon@39..40 ";"
    Name@40..53
      Ident@45..52 "MyRange"
    Colon@53..54 ":"
    TypeRef@54..66
      KwInt@55..58 "INT"
      LParen@58..59 "("
      Subrange@59..65
        Literal@59..60
          IntLiteral@59..60 "0"
        DotDot@60..62 ".."
        Literal@62..65
          IntLiteral@62..65 "100"
      RParen@65..66 ")"
    Semicolon@66..67 ";"
    KwEndType@68..76 "END_TYPE"
