---
source: crates/trust-syntax/tests/parser_literals.rs
expression: "snapshot_parse(r#\"PROGRAM Test\n    x := INT#100;\n    y := REAL#3.14;\n    z := BYTE#16#FF;\n    w := INT#-123;\n    v := REAL#+1.0E-3;\nEND_PROGRAM\"#)"
---
SourceFile@0..125
  Program@0..125
    KwProgram@0..7 "PROGRAM"
    Name@7..17
      Ident@8..12 "Test"
    StmtList@17..114
      AssignStmt@17..35
        NameRef@17..19
          Ident@17..18 "x"
        Assign@19..21 ":="
        Literal@21..29
          TypedLiteralPrefix@22..26 "INT#"
          IntLiteral@26..29 "100"
        Semicolon@29..30 ";"
      AssignStmt@35..55
        NameRef@35..37
          Ident@35..36 "y"
        Assign@37..39 ":="
        Literal@39..49
          TypedLiteralPrefix@40..45 "REAL#"
          RealLiteral@45..49 "3.14"
        Semicolon@49..50 ";"
      AssignStmt@55..76
        NameRef@55..57
          Ident@55..56 "z"
        Assign@57..59 ":="
        Literal@59..70
          TypedLiteralPrefix@60..65 "BYTE#"
          IntLiteral@65..70 "16#FF"
        Semicolon@70..71 ";"
      AssignStmt@76..95
        NameRef@76..78
          Ident@76..77 "w"
        Assign@78..80 ":="
        Literal@80..89
          TypedLiteralPrefix@81..85 "INT#"
          Minus@85..86 "-"
          IntLiteral@86..89 "123"
        Semicolon@89..90 ";"
      AssignStmt@95..114
        NameRef@95..97
          Ident@95..96 "v"
        Assign@97..99 ":="
        Literal@99..112
          TypedLiteralPrefix@100..105 "REAL#"
          Plus@105..106 "+"
          RealLiteral@106..112 "1.0E-3"
        Semicolon@112..113 ";"
    KwEndProgram@114..125 "END_PROGRAM"
