---
source: crates/trust-syntax/tests/parser_expressions.rs
expression: "snapshot_parse(r#\"PROGRAM Test\n    b := (x = 1) OR (x <> 2) OR (x < 3) OR (x <= 4) OR (x > 5) OR (x >= 6);\nEND_PROGRAM\"#)"
---
SourceFile@0..100
  Program@0..100
    KwProgram@0..7 "PROGRAM"
    Name@7..17
      Ident@8..12 "Test"
    StmtList@17..89
      AssignStmt@17..89
        NameRef@17..19
          Ident@17..18 "b"
        Assign@19..21 ":="
        BinaryExpr@21..87
          BinaryExpr@21..76
            BinaryExpr@21..65
              BinaryExpr@21..53
                BinaryExpr@21..42
                  ParenExpr@21..30
                    LParen@22..23 "("
                    BinaryExpr@23..28
                      NameRef@23..25
                        Ident@23..24 "x"
                      Eq@25..26 "="
                      Literal@26..28
                        IntLiteral@27..28 "1"
                    RParen@28..29 ")"
                  KwOr@30..32 "OR"
                  ParenExpr@32..42
                    LParen@33..34 "("
                    BinaryExpr@34..40
                      NameRef@34..36
                        Ident@34..35 "x"
                      Neq@36..38 "<>"
                      Literal@38..40
                        IntLiteral@39..40 "2"
                    RParen@40..41 ")"
                KwOr@42..44 "OR"
                ParenExpr@44..53
                  LParen@45..46 "("
                  BinaryExpr@46..51
                    NameRef@46..48
                      Ident@46..47 "x"
                    Lt@48..49 "<"
                    Literal@49..51
                      IntLiteral@50..51 "3"
                  RParen@51..52 ")"
              KwOr@53..55 "OR"
              ParenExpr@55..65
                LParen@56..57 "("
                BinaryExpr@57..63
                  NameRef@57..59
                    Ident@57..58 "x"
                  LtEq@59..61 "<="
                  Literal@61..63
                    IntLiteral@62..63 "4"
                RParen@63..64 ")"
            KwOr@65..67 "OR"
            ParenExpr@67..76
              LParen@68..69 "("
              BinaryExpr@69..74
                NameRef@69..71
                  Ident@69..70 "x"
                Gt@71..72 ">"
                Literal@72..74
                  IntLiteral@73..74 "5"
              RParen@74..75 ")"
          KwOr@76..78 "OR"
          ParenExpr@78..87
            LParen@79..80 "("
            BinaryExpr@80..86
              NameRef@80..82
                Ident@80..81 "x"
              GtEq@82..84 ">="
              Literal@84..86
                IntLiteral@85..86 "6"
            RParen@86..87 ")"
        Semicolon@87..88 ";"
    KwEndProgram@89..100 "END_PROGRAM"
