---
source: crates/trust-syntax/tests/parser_statements.rs
expression: "snapshot_parse(r#\"PROGRAM Test\nREPEAT\n    x := x + 1;\nUNTIL x >= 10\nEND_REPEAT;\nEND_PROGRAM\"#)"
---
SourceFile@0..73
  Program@0..73
    KwProgram@0..7 "PROGRAM"
    Name@7..13
      Ident@8..12 "Test"
    StmtList@13..62
      RepeatStmt@13..60
        KwRepeat@13..19 "REPEAT"
        AssignStmt@19..36
          NameRef@19..26
            Ident@24..25 "x"
          Assign@26..28 ":="
          BinaryExpr@28..34
            NameRef@28..31
              Ident@29..30 "x"
            Plus@31..32 "+"
            Literal@32..34
              IntLiteral@33..34 "1"
          Semicolon@34..35 ";"
        KwUntil@36..41 "UNTIL"
        BinaryExpr@41..50
          NameRef@41..44
            Ident@42..43 "x"
          GtEq@44..46 ">="
          Literal@46..50
            IntLiteral@47..49 "10"
        KwEndRepeat@50..60 "END_REPEAT"
      EmptyStmt@60..62
        Semicolon@60..61 ";"
    KwEndProgram@62..73 "END_PROGRAM"
