---
source: crates/trust-syntax/tests/parser_statements.rs
expression: "snapshot_parse(r#\"PROGRAM Test\nIF x > 0 THEN\n    y := 1;\nEND_IF;\nEND_PROGRAM\"#)"
---
SourceFile@0..58
  Program@0..58
    KwProgram@0..7 "PROGRAM"
    Name@7..13
      Ident@8..12 "Test"
    StmtList@13..47
      IfStmt@13..45
        KwIf@13..15 "IF"
        BinaryExpr@15..22
          NameRef@15..18
            Ident@16..17 "x"
          Gt@18..19 ">"
          Literal@19..22
            IntLiteral@20..21 "0"
        KwThen@22..26 "THEN"
        AssignStmt@26..39
          NameRef@26..33
            Ident@31..32 "y"
          Assign@33..35 ":="
          Literal@35..37
            IntLiteral@36..37 "1"
          Semicolon@37..38 ";"
        KwEndIf@39..45 "END_IF"
      EmptyStmt@45..47
        Semicolon@45..46 ";"
    KwEndProgram@47..58 "END_PROGRAM"
