---
source: crates/trust-syntax/tests/parser_pous.rs
expression: "snapshot_parse(r#\"FUNCTION Add : INT\nVAR_INPUT\n    a : INT;\n    b : INT;\nEND_VAR\n    Add := a + b;\nEND_FUNCTION\"#)"
---
SourceFile@0..93
  Function@0..93
    KwFunction@0..8 "FUNCTION"
    Name@8..13
      Ident@9..12 "Add"
    Colon@13..14 ":"
    TypeRef@14..19
      KwInt@15..18 "INT"
    VarBlock@19..67
      KwVarInput@19..28 "VAR_INPUT"
      VarDecl@28..46
        Name@28..35
          Ident@33..34 "a"
        Colon@35..36 ":"
        TypeRef@36..40
          KwInt@37..40 "INT"
        Semicolon@40..41 ";"
      VarDecl@46..55
        Name@46..48
          Ident@46..47 "b"
        Colon@48..49 ":"
        TypeRef@49..53
          KwInt@50..53 "INT"
        Semicolon@53..54 ";"
      KwEndVar@55..62 "END_VAR"
    StmtList@67..81
      AssignStmt@67..81
        NameRef@67..71
          Ident@67..70 "Add"
        Assign@71..73 ":="
        BinaryExpr@73..79
          NameRef@73..76
            Ident@74..75 "a"
          Plus@76..77 "+"
          NameRef@77..79
            Ident@78..79 "b"
        Semicolon@79..80 ";"
    KwEndFunction@81..93 "END_FUNCTION"
