---
source: crates/trust-syntax/tests/parser_statements.rs
expression: "snapshot_parse(r#\"PROGRAM Test\nFOR i := 0 TO 10 BY 2 DO\n    sum := sum + i;\nEND_FOR;\nEND_PROGRAM\"#)"
---
SourceFile@0..78
  Program@0..78
    KwProgram@0..7 "PROGRAM"
    Name@7..13
      Ident@8..12 "Test"
    StmtList@13..67
      ForStmt@13..65
        KwFor@13..16 "FOR"
        Name@16..19
          Ident@17..18 "i"
        Assign@19..21 ":="
        Literal@21..24
          IntLiteral@22..23 "0"
        KwTo@24..26 "TO"
        Literal@26..30
          IntLiteral@27..29 "10"
        KwBy@30..32 "BY"
        Literal@32..35
          IntLiteral@33..34 "2"
        KwDo@35..37 "DO"
        AssignStmt@37..58
          NameRef@37..46
            Ident@42..45 "sum"
          Assign@46..48 ":="
          BinaryExpr@48..56
            NameRef@48..53
              Ident@49..52 "sum"
            Plus@53..54 "+"
            NameRef@54..56
              Ident@55..56 "i"
          Semicolon@56..57 ";"
        KwEndFor@58..65 "END_FOR"
      EmptyStmt@65..67
        Semicolon@65..66 ";"
    KwEndProgram@67..78 "END_PROGRAM"
