---
source: crates/trust-syntax/tests/parser_pous.rs
expression: "snapshot_parse(r#\"FUNCTION_BLOCK FB_Test\n    METHOD PUBLIC DoWork : INT\n    VAR_INPUT\n        value : INT;\n    END_VAR\n        DoWork := value * 2;\n    END_METHOD\nEND_FUNCTION_BLOCK\"#)"
---
SourceFile@0..163
  FunctionBlock@0..163
    KwFunctionBlock@0..14 "FUNCTION_BLOCK"
    Name@14..27
      Ident@15..22 "FB_Test"
    Method@27..145
      KwMethod@27..33 "METHOD"
      KwPublic@34..40 "PUBLIC"
      Name@40..48
        Ident@41..47 "DoWork"
      Colon@48..49 ":"
      TypeRef@49..58
        KwInt@50..53 "INT"
      VarBlock@58..109
        KwVarInput@58..67 "VAR_INPUT"
        VarDecl@67..93
          Name@67..82
            Ident@76..81 "value"
          Colon@82..83 ":"
          TypeRef@83..87
            KwInt@84..87 "INT"
          Semicolon@87..88 ";"
        KwEndVar@93..100 "END_VAR"
      StmtList@109..134
        AssignStmt@109..134
          NameRef@109..116
            Ident@109..115 "DoWork"
          Assign@116..118 ":="
          BinaryExpr@118..128
            NameRef@118..125
              Ident@119..124 "value"
            Star@125..126 "*"
            Literal@126..128
              IntLiteral@127..128 "2"
          Semicolon@128..129 ";"
      KwEndMethod@134..144 "END_METHOD"
    KwEndFunctionBlock@145..163 "END_FUNCTION_BLOCK"
