---
source: crates/trust-syntax/tests/parser_pous.rs
expression: "snapshot_parse(r#\"PROGRAM Test\n    ACTION Reset\n        x := 0;\n        y := 0;\n    END_ACTION\nEND_PROGRAM\"#)"
---
SourceFile@0..88
  Program@0..17
    KwProgram@0..7 "PROGRAM"
    Name@7..17
      Ident@8..12 "Test"
    StmtList@17..17
  KwAction@17..23 "ACTION"
  Ident@24..29 "Reset"
  Ident@38..39 "x"
  Assign@40..42 ":="
  IntLiteral@43..44 "0"
  Semicolon@44..45 ";"
  Ident@54..55 "y"
  Assign@56..58 ":="
  IntLiteral@59..60 "0"
  Semicolon@60..61 ";"
  KwEndAction@66..76 "END_ACTION"
  KwEndProgram@77..88 "END_PROGRAM"

---
Errors:
  - expected END_PROGRAM at 17..23
  - expected PROGRAM, FUNCTION, FUNCTION_BLOCK, CLASS, CONFIGURATION, INTERFACE, TYPE, or NAMESPACE at 17..23
  - expected PROGRAM, FUNCTION, FUNCTION_BLOCK, CLASS, CONFIGURATION, INTERFACE, TYPE, or NAMESPACE at 24..29
  - expected PROGRAM, FUNCTION, FUNCTION_BLOCK, CLASS, CONFIGURATION, INTERFACE, TYPE, or NAMESPACE at 38..39
  - expected PROGRAM, FUNCTION, FUNCTION_BLOCK, CLASS, CONFIGURATION, INTERFACE, TYPE, or NAMESPACE at 40..42
  - expected PROGRAM, FUNCTION, FUNCTION_BLOCK, CLASS, CONFIGURATION, INTERFACE, TYPE, or NAMESPACE at 43..44
  - expected PROGRAM, FUNCTION, FUNCTION_BLOCK, CLASS, CONFIGURATION, INTERFACE, TYPE, or NAMESPACE at 44..45
  - expected PROGRAM, FUNCTION, FUNCTION_BLOCK, CLASS, CONFIGURATION, INTERFACE, TYPE, or NAMESPACE at 54..55
  - expected PROGRAM, FUNCTION, FUNCTION_BLOCK, CLASS, CONFIGURATION, INTERFACE, TYPE, or NAMESPACE at 56..58
  - expected PROGRAM, FUNCTION, FUNCTION_BLOCK, CLASS, CONFIGURATION, INTERFACE, TYPE, or NAMESPACE at 59..60
  - expected PROGRAM, FUNCTION, FUNCTION_BLOCK, CLASS, CONFIGURATION, INTERFACE, TYPE, or NAMESPACE at 60..61
  - expected PROGRAM, FUNCTION, FUNCTION_BLOCK, CLASS, CONFIGURATION, INTERFACE, TYPE, or NAMESPACE at 66..76
  - expected PROGRAM, FUNCTION, FUNCTION_BLOCK, CLASS, CONFIGURATION, INTERFACE, TYPE, or NAMESPACE at 77..88
