---
source: crates/trust-syntax/tests/parser_expressions.rs
expression: "snapshot_parse(r#\"FUNCTION_BLOCK FB_Test\n    METHOD DoWork\n        THIS.value := 1;\n        SUPER.DoWork();\n    END_METHOD\nEND_FUNCTION_BLOCK\"#)"
---
SourceFile@0..123
  FunctionBlock@0..123
    KwFunctionBlock@0..14 "FUNCTION_BLOCK"
    Name@14..27
      Ident@15..22 "FB_Test"
    Method@27..105
      KwMethod@27..33 "METHOD"
      Name@33..49
        Ident@34..40 "DoWork"
      StmtList@49..94
        AssignStmt@49..74
          FieldExpr@49..60
            ThisExpr@49..53
              KwThis@49..53 "THIS"
            Dot@53..54 "."
            Name@54..60
              Ident@54..59 "value"
          Assign@60..62 ":="
          Literal@62..64
            IntLiteral@63..64 "1"
          Semicolon@64..65 ";"
        ExprStmt@74..94
          CallExpr@74..88
            FieldExpr@74..86
              SuperExpr@74..79
                KwSuper@74..79 "SUPER"
              Dot@79..80 "."
              Name@80..86
                Ident@80..86 "DoWork"
            ArgList@86..88
              LParen@86..87 "("
              RParen@87..88 ")"
          Semicolon@88..89 ";"
      KwEndMethod@94..104 "END_METHOD"
    KwEndFunctionBlock@105..123 "END_FUNCTION_BLOCK"
