---
source: crates/trust-syntax/tests/parser_literals.rs
expression: "snapshot_parse(r#\"PROGRAM Test\n    x := 42;\n    y := 16#FF;\n    z := 2#1010;\n    w := 8#77;\nEND_PROGRAM\"#)"
---
SourceFile@0..85
  Program@0..85
    KwProgram@0..7 "PROGRAM"
    Name@7..17
      Ident@8..12 "Test"
    StmtList@17..74
      AssignStmt@17..30
        NameRef@17..19
          Ident@17..18 "x"
        Assign@19..21 ":="
        Literal@21..24
          IntLiteral@22..24 "42"
        Semicolon@24..25 ";"
      AssignStmt@30..46
        NameRef@30..32
          Ident@30..31 "y"
        Assign@32..34 ":="
        Literal@34..40
          IntLiteral@35..40 "16#FF"
        Semicolon@40..41 ";"
      AssignStmt@46..63
        NameRef@46..48
          Ident@46..47 "z"
        Assign@48..50 ":="
        Literal@50..57
          IntLiteral@51..57 "2#1010"
        Semicolon@57..58 ";"
      AssignStmt@63..74
        NameRef@63..65
          Ident@63..64 "w"
        Assign@65..67 ":="
        Literal@67..72
          IntLiteral@68..72 "8#77"
        Semicolon@72..73 ";"
    KwEndProgram@74..85 "END_PROGRAM"
