---
source: crates/trust-syntax/tests/parser_expressions.rs
expression: "snapshot_parse(r#\"PROGRAM Test\n    ptr := ADR(x);\n    size := SIZEOF(INT);\nEND_PROGRAM\"#)"
---
SourceFile@0..68
  Program@0..68
    KwProgram@0..7 "PROGRAM"
    Name@7..17
      Ident@8..12 "Test"
    StmtList@17..57
      AssignStmt@17..36
        NameRef@17..21
          Ident@17..20 "ptr"
        Assign@21..23 ":="
        AddrExpr@23..30
          KwAdr@24..27 "ADR"
          LParen@27..28 "("
          NameRef@28..29
            Ident@28..29 "x"
          RParen@29..30 ")"
        Semicolon@30..31 ";"
      AssignStmt@36..57
        NameRef@36..41
          Ident@36..40 "size"
        Assign@41..43 ":="
        SizeOfExpr@43..55
          KwSizeOf@44..50 "SIZEOF"
          LParen@50..51 "("
          TypeRef@51..54
            KwInt@51..54 "INT"
          RParen@54..55 ")"
        Semicolon@55..56 ";"
    KwEndProgram@57..68 "END_PROGRAM"
