---
source: crates/trust-syntax/tests/parser_variables.rs
expression: "snapshot_parse(r#\"PROGRAM Test\nVAR\n    input AT %IB0 : BYTE;\n    output AT %QW10 : WORD;\nEND_VAR\nEND_PROGRAM\"#)"
---
SourceFile@0..90
  Program@0..90
    KwProgram@0..7 "PROGRAM"
    Name@7..13
      Ident@8..12 "Test"
    VarBlock@13..79
      KwVar@13..16 "VAR"
      VarDecl@16..47
        Name@16..27
          Ident@21..26 "input"
        KwAt@27..29 "AT"
        DirectAddress@30..34 "%IB0"
        Colon@35..36 ":"
        TypeRef@36..41
          KwByte@37..41 "BYTE"
        Semicolon@41..42 ";"
      VarDecl@47..71
        Name@47..54
          Ident@47..53 "output"
        KwAt@54..56 "AT"
        DirectAddress@57..62 "%QW10"
        Colon@63..64 ":"
        TypeRef@64..69
          KwWord@65..69 "WORD"
        Semicolon@69..70 ";"
      KwEndVar@71..78 "END_VAR"
    StmtList@79..79
    KwEndProgram@79..90 "END_PROGRAM"
