---
source: crates/trust-syntax/tests/parser_literals.rs
expression: "snapshot_parse(r#\"PROGRAM Test\n    x := 3.14;\n    y := 1.0E10;\n    z := 2.5e-3;\nEND_PROGRAM\"#)"
---
SourceFile@0..73
  Program@0..73
    KwProgram@0..7 "PROGRAM"
    Name@7..17
      Ident@8..12 "Test"
    StmtList@17..62
      AssignStmt@17..32
        NameRef@17..19
          Ident@17..18 "x"
        Assign@19..21 ":="
        Literal@21..26
          RealLiteral@22..26 "3.14"
        Semicolon@26..27 ";"
      AssignStmt@32..49
        NameRef@32..34
          Ident@32..33 "y"
        Assign@34..36 ":="
        Literal@36..43
          RealLiteral@37..43 "1.0E10"
        Semicolon@43..44 ";"
      AssignStmt@49..62
        NameRef@49..51
          Ident@49..50 "z"
        Assign@51..53 ":="
        Literal@53..60
          RealLiteral@54..60 "2.5e-3"
        Semicolon@60..61 ";"
    KwEndProgram@62..73 "END_PROGRAM"
