---
source: crates/trust-syntax/tests/parser_statements.rs
expression: "snapshot_parse(r#\"PROGRAM Test\n    result := SafeDiv(EN := cond, Num := a, Den := b, ENO => ok);\nEND_PROGRAM\"#)"
---
SourceFile@0..90
  Program@0..90
    KwProgram@0..7 "PROGRAM"
    Name@7..17
      Ident@8..12 "Test"
    StmtList@17..79
      AssignStmt@17..79
        NameRef@17..24
          Ident@17..23 "result"
        Assign@24..26 ":="
        CallExpr@26..77
          NameRef@26..34
            Ident@27..34 "SafeDiv"
          ArgList@34..77
            LParen@34..35 "("
            Arg@35..45
              Name@35..38
                KwEn@35..37 "EN"
              Assign@38..40 ":="
              NameRef@40..45
                Ident@41..45 "cond"
            Comma@45..46 ","
            Arg@46..55
              Name@46..51
                Ident@47..50 "Num"
              Assign@51..53 ":="
              NameRef@53..55
                Ident@54..55 "a"
            Comma@55..56 ","
            Arg@56..65
              Name@56..61
                Ident@57..60 "Den"
              Assign@61..63 ":="
              NameRef@63..65
                Ident@64..65 "b"
            Comma@65..66 ","
            Arg@66..76
              Name@66..71
                KwEno@67..70 "ENO"
              Arrow@71..73 "=>"
              NameRef@73..76
                Ident@74..76 "ok"
            RParen@76..77 ")"
        Semicolon@77..78 ";"
    KwEndProgram@79..90 "END_PROGRAM"
